error[E0080]: evaluation of constant value failed
 --> $DIR/zero_u8.rs:8:25
  |
8 |     let _a: NonZeroU8 = nonzero!(0u8);
  |                         ^^^^^^^^^^^^^ attempt to subtract with overflow
  |
  = note: this error originates in a macro outside of the current crate (in Nightly builds, run with -Z external-macro-backtrace for more info)
